Microchip MPLAB XC8 Compiler V1.37 ()

Linker command line:

-W-3 --edf=C:\Program Files (x86)\Microchip\xc8\v1.37\dat\en_msgs.txt -cs \
  -h+dist/default/production\hw.X.production.sym \
  --cmf=dist/default/production\hw.X.production.cmf -z -Q18F4620 \
  -oC:\Users\Ameer\AppData\Local\Temp\s2cc.2 \
  -Mdist/default/production/hw.X.production.map -E1 -ver=XC8 --acfsm=1493 \
  -ASTACK=0194h-0f7fh -pstack=STACK -ACODE=00h-0FFFFh -ACONST=00h-0FFFFh \
  -ASMALLCONST=01000h-010FFhx240 -AMEDIUMCONST=01000h-0FFFFh \
  -ACOMRAM=01h-07Fh -AABS1=00h-0F7Fh -ABIGRAM=01h-0F7Fh \
  -ARAM=080h-0FFh,0100h-01FFhx14,0F00h-0F7Fh -ABANK0=080h-0FFh \
  -ABANK1=0100h-01FFh -ABANK2=0200h-02FFh -ABANK3=0300h-03FFh \
  -ABANK4=0400h-04FFh -ABANK5=0500h-05FFh -ABANK6=0600h-06FFh \
  -ABANK7=0700h-07FFh -ABANK8=0800h-08FFh -ABANK9=0900h-09FFh \
  -ABANK10=0A00h-0AFFh -ABANK11=0B00h-0BFFh -ABANK12=0C00h-0CFFh \
  -ABANK13=0D00h-0DFFh -ABANK14=0E00h-0EFFh -ABANK15=0F00h-0F7Fh \
  -ASFR=0F80h-0FFFh \
  -preset_vec=00h,intcode=08h,intcodelo,powerup,init,end_init \
  -pramtop=01000h -psmallconst=SMALLCONST -pmediumconst=MEDIUMCONST \
  -pconst=CONST -AFARRAM=00h-00h -ACONFIG=0300000h-030000Dh -pconfig=CONFIG \
  -AIDLOC=0200000h-0200007h -pidloc=IDLOC -AEEDATA=0F00000h-0F003FFh \
  -peeprom_data=EEDATA \
  -prdata=COMRAM,nvrram=COMRAM,nvbit=COMRAM,rbss=COMRAM,rbit=COMRAM \
  -pfarbss=FARRAM,fardata=FARRAM,nvFARRAM=FARRAM \
  -pintsave_regs=BIGRAM,bigbss=BIGRAM,bigdata=BIGRAM -pbss=RAM \
  -pidata=CODE,irdata=CODE,ibigdata=CODE,ifardata=CODE -prparam=COMRAM \
  C:\Users\Ameer\AppData\Local\Temp\s2cc.obj \
  dist/default/production\hw.X.production.obj 

Object code version is 3.11

Machine type is 18F4620

Call graph: (short form)




                Name                               Link     Load   Length Selector   Space Scale
C:\Users\Ameer\AppData\Local\Temp\s2cc.obj
                end_init                             16       16        4        4       0
                reset_vec                             0        0        4        0       0
                idloc                            200000   200000        8   200000       0
                config                           300000   300000        E   300000       0
dist/default/production\hw.X.production.obj
                intcode                               8        8        E        4       0
                temp                                 71       71        1        1       1
                mediumconst                        FEF2     FEF2      10E     7F79       0
                text38                             30D8     30D8       32        4       0
                text37                             3254     3254        E        4       0
                text36                             3244     3244       10        4       0
                text35                             326E     326E        A        4       0
                text34                             3232     3232       12        4       0
                intcode_body                       2BE2     2BE2       86        4       0
                text32                             31B0     31B0       24        4       0
                text31                             3138     3138       2E        4       0
                text30                             31D4     31D4       22        4       0
                text29                             309E     309E       3A        4       0
                text28                             3022     3022       42        4       0
                text27                             2F86     2F86       56        4       0
                text26                             318C     318C       24        4       0
                text25                             29E6     29E6      120        4       0
                text24                             310A     310A       2E        4       0
                text23                             1B06     1B06      33C        4       0
                text22                             2FDC     2FDC       46        4       0
                text21                             2B06     2B06       DC        4       0
                text20                             2D6E     2D6E       82        4       0
                text19                             2ECA     2ECA       66        4       0
                text18                             3166     3166       26        4       0
                text17                             263C     263C      150        4       0
                text16                             28BE     28BE      128        4       0
                text15                             278C     278C      132        4       0
                text14                             2C68     2C68       84        4       0
                text13                             2DF0     2DF0       70        4       0
                text12                             17B6     17B6      350        4       0
                text11                             23C2     23C2      27A        4       0
                text10                             3214     3214       1E        4       0
                text9                              139E     139E      418        4       0
                text8                                1A       1A      C36        4       0
                text7                              1E42     1E42      2CC        4       0
                text6                              3262     3262        C        4       0
                text5                              2F30     2F30       56        4       0
                text4                              210E     210E      2B4        4       0
                text3                              3064     3064       3A        4       0
                text2                              2CEC     2CEC       82        4       0
                text1                              31F6     31F6       1E        4       0
                text0                               C50      C50      74E        4       0
                cstackCOMRAM                          1        1       66        1       1
                cstackBANK0                          AE       AE       29       80       1
                cstackBANK1                         100      100       82      100       1
                bssBANK1                            182      182       12      100       1
                dataBANK0                            D7       D7        2       80       1
                bssBANK0                             80       80       2E       80       1
                dataCOMRAM                           6D       6D        4        1       1
                bssCOMRAM                            67       67        6        1       1
                cinit                              2E60     2E60       6A        4       0
                idataBANK0                         327C     327C        2        4       0
                idataCOMRAM                        3278     3278        4        4       0

TOTAL           Name                               Link     Load   Length     Space
        CLASS   STACK          

        CLASS   CODE           
                end_init                             16       16        4         0
                intcode                               8        8        E         0
                reset_vec                             0        0        4         0
                text38                             30D8     30D8       32         0
                text37                             3254     3254        E         0
                text36                             3244     3244       10         0
                text35                             326E     326E        A         0
                text34                             3232     3232       12         0
                intcode_body                       2BE2     2BE2       86         0
                text32                             31B0     31B0       24         0
                text31                             3138     3138       2E         0
                text30                             31D4     31D4       22         0
                text29                             309E     309E       3A         0
                text28                             3022     3022       42         0
                text27                             2F86     2F86       56         0
                text26                             318C     318C       24         0
                text25                             29E6     29E6      120         0
                text24                             310A     310A       2E         0
                text23                             1B06     1B06      33C         0
                text22                             2FDC     2FDC       46         0
                text21                             2B06     2B06       DC         0
                text20                             2D6E     2D6E       82         0
                text19                             2ECA     2ECA       66         0
                text18                             3166     3166       26         0
                text17                             263C     263C      150         0
                text16                             28BE     28BE      128         0
                text15                             278C     278C      132         0
                text14                             2C68     2C68       84         0
                text13                             2DF0     2DF0       70         0
                text12                             17B6     17B6      350         0
                text11                             23C2     23C2      27A         0
                text10                             3214     3214       1E         0
                text9                              139E     139E      418         0
                text8                                1A       1A      C36         0
                text7                              1E42     1E42      2CC         0
                text6                              3262     3262        C         0
                text5                              2F30     2F30       56         0
                text4                              210E     210E      2B4         0
                text3                              3064     3064       3A         0
                text2                              2CEC     2CEC       82         0
                text1                              31F6     31F6       1E         0
                text0                               C50      C50      74E         0
                cinit                              2E60     2E60       6A         0
                idataBANK0                         327C     327C        2         0
                idataCOMRAM                        3278     3278        4         0

        CLASS   CONST          

        CLASS   SMALLCONST     

        CLASS   MEDIUMCONST    
                mediumconst                        FEF2     FEF2      10E         0

        CLASS   COMRAM         
                temp                                 71       71        1         1
                cstackCOMRAM                          1        1       66         1
                dataCOMRAM                           6D       6D        4         1
                bssCOMRAM                            67       67        6         1

        CLASS   ABS1           

        CLASS   BIGRAM         

        CLASS   RAM            

        CLASS   BANK0          
                cstackBANK0                          AE       AE       29         1
                dataBANK0                            D7       D7        2         1
                bssBANK0                             80       80       2E         1

        CLASS   BANK1          
                cstackBANK1                         100      100       82         1
                bssBANK1                            182      182       12         1

        CLASS   BANK2          

        CLASS   BANK3          

        CLASS   BANK4          

        CLASS   BANK5          

        CLASS   BANK6          

        CLASS   BANK7          

        CLASS   BANK8          

        CLASS   BANK9          

        CLASS   BANK10         

        CLASS   BANK11         

        CLASS   BANK12         

        CLASS   BANK13         

        CLASS   BANK14         

        CLASS   BANK15         

        CLASS   SFR            

        CLASS   FARRAM         

        CLASS   CONFIG         
                config                           300000   300000        E         0

        CLASS   IDLOC          
                idloc                            200000   200000        8         0

        CLASS   EEDATA         



SEGMENTS        Name                           Load    Length   Top    Selector   Space  Class

                reset_vec                      000000  000004  000004         0       0  CODE    
                cstackCOMRAM                   000001  000071  000072         1       1  COMRAM  
                intcode                        000008  003276  00327E         4       0  CODE    
                bssBANK0                       000080  000059  0000D9        80       1  BANK0   
                cstackBANK1                    000100  000094  000194       100       1  BANK1   
                mediumconst                    00FEF2  00010E  010000      7F79       0  MEDIUMCO
                idloc                          200000  000008  200008    200000       0  IDLOC   
                config                         300000  00000E  30000E    300000       0  CONFIG  


UNUSED ADDRESS RANGES

        Name                Unused          Largest block    Delta
        BANK0            0000D9-0000FF               27
        BANK1            000194-0001FF               6C
        BANK10           000A00-000AFF              100
        BANK11           000B00-000BFF              100
        BANK12           000C00-000CFF              100
        BANK13           000D00-000DFF              100
        BANK14           000E00-000EFF              100
        BANK15           000F00-000F7F               80
        BANK2            000200-0002FF              100
        BANK3            000300-0003FF              100
        BANK4            000400-0004FF              100
        BANK5            000500-0005FF              100
        BANK6            000600-0006FF              100
        BANK7            000700-0007FF              100
        BANK8            000800-0008FF              100
        BANK9            000900-0009FF              100
        BIGRAM           000072-00007F                E
                         0000D9-0000FF               27
                         000194-000F7F              DEC
        CODE             000004-000007                4
                         00327E-00FEF1             CC74
        COMRAM           000072-00007F                E
        CONST            000004-000007                4
                         00327E-00FEF1             CC74
        EEDATA           F00000-F003FF              400
        MEDIUMCONST      00327E-00FEF1             CC74
        RAM              0000D9-0000FF               27
                         000194-000F7F              100
        SFR              000F80-000FFF               80
        SMALLCONST       00327E-00FEF1              100
        STACK            000194-000F7F              DEC

                                  Symbol Table

?___awdiv                     cstackCOMRAM 000015
?___awmod                     cstackCOMRAM 00000F
?___fladd                     cstackCOMRAM 000043
?___fldiv                     cstackCOMRAM 000023
?___flmul                     cstackCOMRAM 00001D
?___flneg                     cstackCOMRAM 00000F
?___flsub                     cstackCOMRAM 000057
?___fltol                     cstackCOMRAM 00003F
?___lldiv                     cstackCOMRAM 00000F
?___llmod                     cstackCOMRAM 00001C
?___wmul                      cstackCOMRAM 00000F
?___xxtofl                    cstackCOMRAM 000015
?__div_to_l_                  cstackCOMRAM 00000F
?__tdiv_to_l_                 cstackCOMRAM 00000F
?_fround                      cstackCOMRAM 000036
?_read_adc_raw_no_lib         cstackCOMRAM 00000F
?_read_adc_voltage            cstackCOMRAM 00003C
?_scale                       cstackCOMRAM 000036
?_sprintf                     cstackBANK0  0000AE
_ADCON0                       (abs)        000FC2
_ADCON0bits                   (abs)        000FC2
_ADCON1                       (abs)        000FC1
_ADCON2                       (abs)        000FC0
_ADRESH                       (abs)        000FC4
_ADRESL                       (abs)        000FC3
_BAUDCONbits                  (abs)        000FB8
_Buffer                       bssBANK0     000080
_EXT_Int0_isr                 text38       0030D8
_EXT_Int1_isr                 text37       003254
_EXT_Int2_isr                 text36       003244
_HS                           bssBANK0     0000A0
_INTCON                       (abs)        000FF2
_INTCON2                      (abs)        000FF1
_INTCON2bits                  (abs)        000FF1
_INTCON3                      (abs)        000FF0
_INTCON3bits                  (abs)        000FF0
_INTCONbits                   (abs)        000FF2
_IPR1                         (abs)        000F9F
_IPR2                         (abs)        000FA2
_LCD_INIT_STRING              dataCOMRAM   00006D
_PIE1                         (abs)        000F9D
_PIE2                         (abs)        000FA0
_PIR1                         (abs)        000F9E
_PIR1bits                     (abs)        000F9E
_PIR2                         (abs)        000FA1
_PORTBbits                    (abs)        000F81
_PORTC                        (abs)        000F82
_PORTCbits                    (abs)        000F82
_PORTEbits                    (abs)        000F84
_RCONbits                     (abs)        000FD0
_RCREG                        (abs)        000FAE
_RCSTA                        (abs)        000FAB
_RCSTAbits                    (abs)        000FAB
_RPS                          bssCOMRAM    000067
_RPS_count                    bssCOMRAM    000069
_SPBRG                        (abs)        000FAF
_SPBRGH                       (abs)        000FB0
_T0CON                        (abs)        000FD5
_TMR3H                        (abs)        000FB3
_TMR3L                        (abs)        000FB2
_TRISA                        (abs)        000F92
_TRISB                        (abs)        000F93
_TRISC                        (abs)        000F94
_TRISD                        (abs)        000F95
_TRISE                        (abs)        000F96
_TXREG                        (abs)        000FAD
_TXSTA                        (abs)        000FAC
_TXSTAbits                    (abs)        000FAC
_Timer0_isr                   text34       003232
__CFG_BOREN$SBORDIS           (abs)        000000
__CFG_BORV$3                  (abs)        000000
__CFG_CCP2MX$PORTC            (abs)        000000
__CFG_CP0$OFF                 (abs)        000000
__CFG_CP1$OFF                 (abs)        000000
__CFG_CP2$OFF                 (abs)        000000
__CFG_CP3$OFF                 (abs)        000000
__CFG_CPB$OFF                 (abs)        000000
__CFG_CPD$OFF                 (abs)        000000
__CFG_EBTR0$OFF               (abs)        000000
__CFG_EBTR1$OFF               (abs)        000000
__CFG_EBTR2$OFF               (abs)        000000
__CFG_EBTR3$OFF               (abs)        000000
__CFG_EBTRB$OFF               (abs)        000000
__CFG_FCMEN$OFF               (abs)        000000
__CFG_IESO$OFF                (abs)        000000
__CFG_LPT1OSC$OFF             (abs)        000000
__CFG_LVP$ON                  (abs)        000000
__CFG_MCLRE$ON                (abs)        000000
__CFG_OSC$XT                  (abs)        000000
__CFG_PBADEN$ON               (abs)        000000
__CFG_PWRT$OFF                (abs)        000000
__CFG_STVREN$ON               (abs)        000000
__CFG_WDT$ON                  (abs)        000000
__CFG_WDTPS$32768             (abs)        000000
__CFG_WRT0$OFF                (abs)        000000
__CFG_WRT1$OFF                (abs)        000000
__CFG_WRT2$OFF                (abs)        000000
__CFG_WRT3$OFF                (abs)        000000
__CFG_WRTB$OFF                (abs)        000000
__CFG_WRTC$OFF                (abs)        000000
__CFG_WRTD$OFF                (abs)        000000
__CFG_XINST$OFF               (abs)        000000
__HRAM                        (abs)        000000
__Habs1                       abs1         000000
__Hbank0                      bank0        000000
__Hbank1                      bank1        000000
__Hbank10                     bank10       000000
__Hbank11                     bank11       000000
__Hbank12                     bank12       000000
__Hbank13                     bank13       000000
__Hbank14                     bank14       000000
__Hbank15                     bank15       000000
__Hbank2                      bank2        000000
__Hbank3                      bank3        000000
__Hbank4                      bank4        000000
__Hbank5                      bank5        000000
__Hbank6                      bank6        000000
__Hbank7                      bank7        000000
__Hbank8                      bank8        000000
__Hbank9                      bank9        000000
__Hbigbss                     bigbss       000000
__Hbigdata                    bigdata      000000
__Hbigram                     bigram       000000
__Hbss                        bss          000000
__HbssBANK0                   bssBANK0     000000
__HbssBANK1                   bssBANK1     000000
__HbssCOMRAM                  bssCOMRAM    000000
__Hcinit                      cinit        000000
__Hclrtext                    clrtext      000000
__Hcomram                     comram       000000
__Hconfig                     config       30000E
__Hconst                      const        000000
__HcstackBANK0                cstackBANK0  000000
__HcstackBANK1                cstackBANK1  000000
__HcstackCOMRAM               cstackCOMRAM 000000
__Hdata                       data         000000
__HdataBANK0                  dataBANK0    000000
__HdataCOMRAM                 dataCOMRAM   000000
__Heeprom_data                eeprom_data  000000
__Hend_init                   end_init     00001A
__Hfarbss                     farbss       000000
__Hfardata                    fardata      000000
__Hibigdata                   ibigdata     000000
__Hidata                      idata        000000
__HidataBANK0                 idataBANK0   000000
__HidataCOMRAM                idataCOMRAM  000000
__Hidloc                      idloc        200008
__Hifardata                   ifardata     000000
__Hinit                       init         000016
__Hintcode                    intcode      000016
__Hintcode_body               intcode_body 000000
__Hintcodelo                  intcodelo    000016
__Hintentry                   intentry     000000
__Hintret                     intret       000000
__Hintsave_regs               intsave_regs 000000
__Hirdata                     irdata       000000
__Hmediumconst                mediumconst  010000
__HnvFARRAM                   nvFARRAM     000000
__Hnvbit                      nvbit        000000
__Hnvrram                     nvrram       000000
__Hparam                      rparam       000000
__Hpowerup                    powerup      000016
__Hram                        ram          000000
__Hramtop                     ramtop       001000
__Hrbit                       rbit         000000
__Hrbss                       rbss         000000
__Hrdata                      rdata        000000
__Hreset_vec                  reset_vec    000004
__Hrparam                     rparam       000000
__Hsfr                        sfr          000000
__Hsmallconst                 smallconst   000000
__Hspace_0                    (abs)        30000E
__Hspace_1                    (abs)        000194
__Hspace_2                    (abs)        000000
__Hstack                      stack        000000
__Hstruct                     struct       000000
__Htemp                       temp         000072
__Htext                       text         000000
__Htext0                      text0        000000
__Htext1                      text1        000000
__Htext10                     text10       000000
__Htext11                     text11       000000
__Htext12                     text12       000000
__Htext13                     text13       000000
__Htext14                     text14       000000
__Htext15                     text15       000000
__Htext16                     text16       000000
__Htext17                     text17       000000
__Htext18                     text18       000000
__Htext19                     text19       000000
__Htext2                      text2        000000
__Htext20                     text20       000000
__Htext21                     text21       000000
__Htext22                     text22       000000
__Htext23                     text23       000000
__Htext24                     text24       000000
__Htext25                     text25       000000
__Htext26                     text26       000000
__Htext27                     text27       000000
__Htext28                     text28       000000
__Htext29                     text29       000000
__Htext3                      text3        000000
__Htext30                     text30       000000
__Htext31                     text31       000000
__Htext32                     text32       000000
__Htext34                     text34       000000
__Htext35                     text35       000000
__Htext36                     text36       000000
__Htext37                     text37       000000
__Htext38                     text38       000000
__Htext4                      text4        000000
__Htext5                      text5        000000
__Htext6                      text6        000000
__Htext7                      text7        000000
__Htext8                      text8        000000
__Htext9                      text9        000000
__LRAM                        (abs)        000001
__Labs1                       abs1         000000
__Lbank0                      bank0        000000
__Lbank1                      bank1        000000
__Lbank10                     bank10       000000
__Lbank11                     bank11       000000
__Lbank12                     bank12       000000
__Lbank13                     bank13       000000
__Lbank14                     bank14       000000
__Lbank15                     bank15       000000
__Lbank2                      bank2        000000
__Lbank3                      bank3        000000
__Lbank4                      bank4        000000
__Lbank5                      bank5        000000
__Lbank6                      bank6        000000
__Lbank7                      bank7        000000
__Lbank8                      bank8        000000
__Lbank9                      bank9        000000
__Lbigbss                     bigbss       000000
__Lbigdata                    bigdata      000000
__Lbigram                     bigram       000000
__Lbss                        bss          000000
__LbssBANK0                   bssBANK0     000000
__LbssBANK1                   bssBANK1     000000
__LbssCOMRAM                  bssCOMRAM    000000
__Lcinit                      cinit        000000
__Lclrtext                    clrtext      000000
__Lcomram                     comram       000000
__Lconfig                     config       300000
__Lconst                      const        000000
__LcstackBANK0                cstackBANK0  000000
__LcstackBANK1                cstackBANK1  000000
__LcstackCOMRAM               cstackCOMRAM 000000
__Ldata                       data         000000
__LdataBANK0                  dataBANK0    000000
__LdataCOMRAM                 dataCOMRAM   000000
__Leeprom_data                eeprom_data  000000
__Lend_init                   end_init     000016
__Lfarbss                     farbss       000000
__Lfardata                    fardata      000000
__Libigdata                   ibigdata     000000
__Lidata                      idata        000000
__LidataBANK0                 idataBANK0   000000
__LidataCOMRAM                idataCOMRAM  000000
__Lidloc                      idloc        200000
__Lifardata                   ifardata     000000
__Linit                       init         000016
__Lintcode                    intcode      000008
__Lintcode_body               intcode_body 000000
__Lintcodelo                  intcodelo    000016
__Lintentry                   intentry     000000
__Lintret                     intret       000000
__Lintsave_regs               intsave_regs 000000
__Lirdata                     irdata       000000
__Lmediumconst                mediumconst  00FEF2
__LnvFARRAM                   nvFARRAM     000000
__Lnvbit                      nvbit        000000
__Lnvrram                     nvrram       000000
__Lparam                      rparam       000000
__Lpowerup                    powerup      000016
__Lram                        ram          000000
__Lramtop                     ramtop       001000
__Lrbit                       rbit         000000
__Lrbss                       rbss         000000
__Lrdata                      rdata        000000
__Lreset_vec                  reset_vec    000000
__Lrparam                     rparam       000000
__Lsfr                        sfr          000000
__Lsmallconst                 smallconst   000000
__Lspace_0                    (abs)        000000
__Lspace_1                    (abs)        000000
__Lspace_2                    (abs)        000000
__Lstack                      stack        000000
__Lstruct                     struct       000000
__Ltemp                       temp         000071
__Ltext                       text         000000
__Ltext0                      text0        000000
__Ltext1                      text1        000000
__Ltext10                     text10       000000
__Ltext11                     text11       000000
__Ltext12                     text12       000000
__Ltext13                     text13       000000
__Ltext14                     text14       000000
__Ltext15                     text15       000000
__Ltext16                     text16       000000
__Ltext17                     text17       000000
__Ltext18                     text18       000000
__Ltext19                     text19       000000
__Ltext2                      text2        000000
__Ltext20                     text20       000000
__Ltext21                     text21       000000
__Ltext22                     text22       000000
__Ltext23                     text23       000000
__Ltext24                     text24       000000
__Ltext25                     text25       000000
__Ltext26                     text26       000000
__Ltext27                     text27       000000
__Ltext28                     text28       000000
__Ltext29                     text29       000000
__Ltext3                      text3        000000
__Ltext30                     text30       000000
__Ltext31                     text31       000000
__Ltext32                     text32       000000
__Ltext34                     text34       000000
__Ltext35                     text35       000000
__Ltext36                     text36       000000
__Ltext37                     text37       000000
__Ltext38                     text38       000000
__Ltext4                      text4        000000
__Ltext5                      text5        000000
__Ltext6                      text6        000000
__Ltext7                      text7        000000
__Ltext8                      text8        000000
__Ltext9                      text9        000000
__S0                          (abs)        30000E
__S1                          (abs)        000194
__S2                          (abs)        000000
___awdiv                      text14       002C68
___awdiv@counter              cstackCOMRAM 000019
___awdiv@dividend             cstackCOMRAM 000015
___awdiv@divisor              cstackCOMRAM 000017
___awdiv@quotient             cstackCOMRAM 00001B
___awdiv@sign                 cstackCOMRAM 00001A
___awmod                      text13       002DF0
___awmod@counter              cstackCOMRAM 000013
___awmod@dividend             cstackCOMRAM 00000F
___awmod@divisor              cstackCOMRAM 000011
___awmod@sign                 cstackCOMRAM 000014
___fladd                      text23       001B06
___fladd@a                    cstackCOMRAM 000047
___fladd@aexp                 cstackCOMRAM 000054
___fladd@b                    cstackCOMRAM 000043
___fladd@bexp                 cstackCOMRAM 000055
___fladd@grs                  cstackCOMRAM 000056
___fladd@signs                cstackCOMRAM 000053
___fldiv                      text4        00210E
___fldiv@a                    cstackCOMRAM 000027
___fldiv@aexp                 cstackCOMRAM 00003B
___fldiv@b                    cstackCOMRAM 000023
___fldiv@bexp                 cstackCOMRAM 00003A
___fldiv@grs                  cstackCOMRAM 000036
___fldiv@new_exp              cstackCOMRAM 000034
___fldiv@rem                  cstackCOMRAM 000030
___fldiv@sign                 cstackCOMRAM 00002F
___flge                       text25       0029E6
___flge@ff1                   cstackCOMRAM 000057
___flge@ff2                   cstackCOMRAM 00005B
___flmul                      text12       0017B6
___flmul@a                    cstackCOMRAM 000021
___flmul@aexp                 cstackCOMRAM 00002E
___flmul@b                    cstackCOMRAM 00001D
___flmul@bexp                 cstackCOMRAM 00002F
___flmul@grs                  cstackCOMRAM 00002A
___flmul@prod                 cstackCOMRAM 000030
___flmul@sign                 cstackCOMRAM 000029
___flmul@temp                 cstackCOMRAM 000034
___flneg                      text24       00310A
___flneg@f1                   cstackCOMRAM 00000F
___flsub                      text22       002FDC
___flsub@a                    cstackCOMRAM 00005B
___flsub@b                    cstackCOMRAM 000057
___fltol                      text21       002B06
___fltol@exp1                 cstackCOMRAM 000048
___fltol@f1                   cstackCOMRAM 00003F
___fltol@sign1                cstackCOMRAM 000047
___inthi_sp                   stack        000000
___intlo_sp                   stack        000000
___lldiv                      text20       002D6E
___lldiv@counter              cstackCOMRAM 00001B
___lldiv@dividend             cstackCOMRAM 00000F
___lldiv@divisor              cstackCOMRAM 000013
___lldiv@quotient             cstackCOMRAM 000017
___llmod                      text19       002ECA
___llmod@counter              cstackCOMRAM 000024
___llmod@dividend             cstackCOMRAM 00001C
___llmod@divisor              cstackCOMRAM 000020
___param_bank                 (abs)        000010
___rparam_used                (abs)        000001
___sp                         stack        000000
___wmul                       text18       003166
___wmul@multiplicand          cstackCOMRAM 000011
___wmul@multiplier            cstackCOMRAM 00000F
___wmul@product               cstackCOMRAM 000013
___xxtofl                     text17       00263C
___xxtofl@arg                 cstackCOMRAM 00001F
___xxtofl@exp                 cstackCOMRAM 00001E
___xxtofl@sign                cstackCOMRAM 00001D
___xxtofl@val                 cstackCOMRAM 000015
__accesstop                   (abs)        000080
__activetblptr                (abs)        000002
__div_to_l_                   text16       0028BE
__div_to_l_@cntr              cstackCOMRAM 00001B
__div_to_l_@exp1              cstackCOMRAM 00001C
__div_to_l_@f1                cstackCOMRAM 00000F
__div_to_l_@f2                cstackCOMRAM 000013
__div_to_l_@quot              cstackCOMRAM 000017
__end_of_EXT_Int0_isr         text38       00310A
__end_of_EXT_Int1_isr         text37       003262
__end_of_EXT_Int2_isr         text36       003254
__end_of_Timer0_isr           text34       003244
__end_of___awdiv              text14       002CEC
__end_of___awmod              text13       002E60
__end_of___fladd              text23       001E42
__end_of___fldiv              text4        0023C2
__end_of___flge               text25       002B06
__end_of___flmul              text12       001B06
__end_of___flneg              text24       003138
__end_of___flsub              text22       003022
__end_of___fltol              text21       002BE2
__end_of___lldiv              text20       002DF0
__end_of___llmod              text19       002F30
__end_of___wmul               text18       00318C
__end_of___xxtofl             text17       00278C
__end_of__div_to_l_           text16       0029E6
__end_of__initialization      cinit        002EBC
__end_of__npowers_            mediumconst  00FF27
__end_of__powers_             mediumconst  00FF5B
__end_of__tdiv_to_l_          text15       0028BE
__end_of_delay_cycles         text31       003166
__end_of_delay_ms             text32       0031D4
__end_of_display              text7        00210E
__end_of_dpowers              mediumconst  00FF83
__end_of_fround               text11       00263C
__end_of_highIsr              intcode_body 002C68
__end_of_init_adc_no_lib      text6        00326E
__end_of_isdigit              text10       003232
__end_of_lcd_gotoxy           text28       003064
__end_of_lcd_init             text5        002F86
__end_of_lcd_putc             text27       002FDC
__end_of_lcd_puts             text26       0031B0
__end_of_lcd_send_byte        text29       0030D8
__end_of_lcd_send_nibble      text30       0031F6
__end_of_main                 text0        00139E
__end_of_read_adc_raw_no_lib  text3        00309E
__end_of_read_adc_voltage     text2        002D6E
__end_of_reloadTimer0         text35       003278
__end_of_scale                text9        0017B6
__end_of_setupPorts           text1        003214
__end_of_sprintf              text8        000C50
__initialization              cinit        002E60
__mediumconst                 mediumconst  00FEF2
__npowers_                    mediumconst  00FEF3
__pbssBANK0                   bssBANK0     000080
__pbssBANK1                   bssBANK1     000182
__pbssCOMRAM                  bssCOMRAM    000067
__pcinit                      cinit        002E60
__pcstackBANK0                cstackBANK0  0000AE
__pcstackBANK1                cstackBANK1  000100
__pcstackCOMRAM               cstackCOMRAM 000001
__pdataBANK0                  dataBANK0    0000D7
__pdataCOMRAM                 dataCOMRAM   00006D
__pidataBANK0                 idataBANK0   00327C
__pidataCOMRAM                idataCOMRAM  003278
__pintcode                    intcode      000008
__pintcode_body               intcode_body 002BE2
__pmediumconst                mediumconst  00FEF2
__powers_                     mediumconst  00FF27
__ptext0                      text0        000C50
__ptext1                      text1        0031F6
__ptext10                     text10       003214
__ptext11                     text11       0023C2
__ptext12                     text12       0017B6
__ptext13                     text13       002DF0
__ptext14                     text14       002C68
__ptext15                     text15       00278C
__ptext16                     text16       0028BE
__ptext17                     text17       00263C
__ptext18                     text18       003166
__ptext19                     text19       002ECA
__ptext2                      text2        002CEC
__ptext20                     text20       002D6E
__ptext21                     text21       002B06
__ptext22                     text22       002FDC
__ptext23                     text23       001B06
__ptext24                     text24       00310A
__ptext25                     text25       0029E6
__ptext26                     text26       00318C
__ptext27                     text27       002F86
__ptext28                     text28       003022
__ptext29                     text29       00309E
__ptext3                      text3        003064
__ptext30                     text30       0031D4
__ptext31                     text31       003138
__ptext32                     text32       0031B0
__ptext34                     text34       003232
__ptext35                     text35       00326E
__ptext36                     text36       003244
__ptext37                     text37       003254
__ptext38                     text38       0030D8
__ptext4                      text4        00210E
__ptext5                      text5        002F30
__ptext6                      text6        003262
__ptext7                      text7        001E42
__ptext8                      text8        00001A
__ptext9                      text9        00139E
__ramtop                      ramtop       001000
__size_of_EXT_Int0_isr        (abs)        000000
__size_of_EXT_Int1_isr        (abs)        000000
__size_of_EXT_Int2_isr        (abs)        000000
__size_of_Timer0_isr          (abs)        000000
__size_of___awdiv             (abs)        000000
__size_of___awmod             (abs)        000000
__size_of___fladd             (abs)        000000
__size_of___fldiv             (abs)        000000
__size_of___flge              (abs)        000000
__size_of___flmul             (abs)        000000
__size_of___flneg             (abs)        000000
__size_of___flsub             (abs)        000000
__size_of___fltol             (abs)        000000
__size_of___lldiv             (abs)        000000
__size_of___llmod             (abs)        000000
__size_of___wmul              (abs)        000000
__size_of___xxtofl            (abs)        000000
__size_of__div_to_l_          (abs)        000000
__size_of__tdiv_to_l_         (abs)        000000
__size_of_delay_cycles        (abs)        000000
__size_of_delay_ms            (abs)        000000
__size_of_display             (abs)        000000
__size_of_fround              (abs)        000000
__size_of_highIsr             (abs)        000000
__size_of_init_adc_no_lib     (abs)        000000
__size_of_isdigit             (abs)        000000
__size_of_lcd_gotoxy          (abs)        000000
__size_of_lcd_init            (abs)        000000
__size_of_lcd_putc            (abs)        000000
__size_of_lcd_puts            (abs)        000000
__size_of_lcd_send_byte       (abs)        000000
__size_of_lcd_send_nibble     (abs)        000000
__size_of_main                (abs)        000000
__size_of_read_adc_raw_no_lib (abs)        000000
__size_of_read_adc_voltage    (abs)        000000
__size_of_reloadTimer0        (abs)        000000
__size_of_scale               (abs)        000000
__size_of_setupPorts          (abs)        000000
__size_of_sprintf             (abs)        000000
__smallconst                  smallconst   000000
__tdiv_to_l_                  text15       00278C
__tdiv_to_l_@cntr             cstackCOMRAM 00001E
__tdiv_to_l_@exp1             cstackCOMRAM 00001F
__tdiv_to_l_@f1               cstackCOMRAM 00000F
__tdiv_to_l_@f2               cstackCOMRAM 000013
__tdiv_to_l_@quot             cstackCOMRAM 00001A
_delay_cycles                 text31       003138
_delay_ms                     text32       0031B0
_display                      text7        001E42
_dpowers                      mediumconst  00FF5B
_flag                         dataBANK0    0000D7
_fround                       text11       0023C2
_fround$1685                  cstackCOMRAM 00003E
_fround$1686                  cstackCOMRAM 00003A
_ft                           bssCOMRAM    00006B
_highIsr                      intcode      000008
_hour                         bssBANK1     00018A
_init_adc_no_lib              text6        003262
_isdigit                      text10       003214
_isdigit$1314                 cstackCOMRAM 000010
_lcd                          (abs)        000F83
_lcd_gotoxy                   text28       003022
_lcd_init                     text5        002F30
_lcd_putc                     text27       002F86
_lcd_puts                     text26       00318C
_lcd_send_byte                text29       00309E
_lcd_send_nibble              text30       0031D4
_main                         text0        000C50
_min                          bssBANK1     00018C
_mode                         bssBANK1     00018E
_read_adc_raw_no_lib          text3        003064
_read_adc_voltage             text2        002CEC
_reloadTimer0                 text35       00326E
_scale                        text9        00139E
_scale$1687                   cstackCOMRAM 00003A
_sec                          bssBANK1     000190
_setupPorts                   text1        0031F6
_sp                           bssBANK1     000182
_spf                          bssBANK0     0000A4
_sprintf                      text8        00001A
_sprintf$1688                 cstackBANK0  0000B8
_start_flag                   bssBANK1     000192
_temp                         bssBANK1     000186
_tempf                        bssBANK0     0000A8
_timer_flag                   bssBANK0     0000AC
btemp                         temp         000071
delay_cycles@n                cstackCOMRAM 000012
delay_cycles@x                cstackCOMRAM 000013
delay_ms@i                    cstackCOMRAM 000011
delay_ms@n                    cstackCOMRAM 00000F
display@C                     cstackBANK1  000180
display@H                     cstackBANK1  000181
display@LCD                   cstackBANK1  000140
display@LCDP                  cstackBANK1  000100
end_of_initialization         cinit        002EBC
fround@prec                   cstackCOMRAM 000042
int$flags                     temp         000071
int_func                      intcode_body 002BE2
intlevel0                     text         000000
intlevel1                     text         000000
intlevel2                     text         000000
intlevel3                     text         000000
isdigit@c                     cstackCOMRAM 000011
lcd_gotoxy@address            cstackCOMRAM 00001B
lcd_gotoxy@x                  cstackCOMRAM 00001A
lcd_gotoxy@y                  cstackCOMRAM 000019
lcd_init@i                    cstackCOMRAM 000019
lcd_putc@c                    cstackCOMRAM 00001C
lcd_puts@s                    cstackCOMRAM 00001D
lcd_send_byte@cm_data         cstackCOMRAM 000018
lcd_send_byte@n               cstackCOMRAM 000017
lcd_send_nibble@n             cstackCOMRAM 000016
main@i                        cstackBANK0  0000D5
read_adc_raw_no_lib@channel   cstackCOMRAM 000015
read_adc_raw_no_lib@raw_value cstackCOMRAM 000013
read_adc_voltage@channel      cstackCOMRAM 000046
read_adc_voltage@raw_value    cstackCOMRAM 000044
read_adc_voltage@voltage      cstackCOMRAM 000040
scale@scl                     cstackCOMRAM 00003E
sprintf@ap                    cstackBANK0  0000BC
sprintf@c                     cstackBANK0  0000D2
sprintf@exp                   cstackBANK0  0000C6
sprintf@f                     cstackBANK0  0000B0
sprintf@flag                  cstackBANK0  0000C8
sprintf@fval                  cstackBANK0  0000CC
sprintf@prec                  cstackBANK0  0000D0
sprintf@sp                    cstackBANK0  0000AE
sprintf@tmpval                cstackBANK0  0000BE
sprintf@val                   cstackBANK0  0000C2
sprintf@width                 cstackBANK0  0000CA
stackhi                       (abs)        000F7F
stacklo                       (abs)        000194
start                         init         000016
start_initialization          cinit        002E60


FUNCTION INFORMATION:

 *************** function _main *****************
 Defined at:
		line 251 in file "hw.c"
 Parameters:    Size  Location     Type
		None
 Auto vars:     Size  Location     Type
  i               2   39[BANK0 ] int 
 Return value:  Size  Location     Type
                  1    wreg      void 
 Registers used:
		wreg, fsr2l, fsr2h, status,2, status,0, tblptrl, tblptrh, tblptru, prodl, prodh, cstack
 Tracked objects:
		On entry : 
		On exit  : 
		Unchanged: 
 Data sizes:     COMRAM   BANK0   BANK1   BANK2   BANK3   BANK4   BANK5   BANK6   BANK7   BANK8   BANK9  BANK10  BANK11  BANK12  BANK13  BANK14  BANK15
      Params:         0       0       0       0       0       0       0       0       0       0       0       0       0       0       0       0       0
      Locals:         0       2       0       0       0       0       0       0       0       0       0       0       0       0       0       0       0
      Temps:          0       0       0       0       0       0       0       0       0       0       0       0       0       0       0       0       0
      Totals:         0       2       0       0       0       0       0       0       0       0       0       0       0       0       0       0       0
Total ram usage:        2 bytes
 Hardware stack levels required when called:   10
 This function calls:
		___fladd
		___flge
		___flmul
		_delay_ms
		_display
		_init_adc_no_lib
		_lcd_init
		_lcd_send_byte
		_read_adc_voltage
		_setupPorts
 This function is called by:
		Startup code after reset
 This function uses a non-reentrant model


 *************** function _setupPorts *****************
 Defined at:
		line 154 in file "hw.c"
 Parameters:    Size  Location     Type
		None
 Auto vars:     Size  Location     Type
		None
 Return value:  Size  Location     Type
                  1    wreg      void 
 Registers used:
		wreg, status,2
 Tracked objects:
		On entry : 
		On exit  : 
		Unchanged: 
 Data sizes:     COMRAM   BANK0   BANK1   BANK2   BANK3   BANK4   BANK5   BANK6   BANK7   BANK8   BANK9  BANK10  BANK11  BANK12  BANK13  BANK14  BANK15
      Params:         0       0       0       0       0       0       0       0       0       0       0       0       0       0       0       0       0
      Locals:         0       0       0       0       0       0       0       0       0       0       0       0       0       0       0       0       0
      Temps:          0       0       0       0       0       0       0       0       0       0       0       0       0       0       0       0       0
      Totals:         0       0       0       0       0       0       0       0       0       0       0       0       0       0       0       0       0
Total ram usage:        0 bytes
 Hardware stack levels used:    1
 Hardware stack levels required when called:    3
 This function calls:
		Nothing
 This function is called by:
		_main
 This function uses a non-reentrant model


 *************** function _read_adc_voltage *****************
 Defined at:
		line 45 in file "my_adc.c"
 Parameters:    Size  Location     Type
  channel         1    wreg     unsigned char 
 Auto vars:     Size  Location     Type
  channel         1   69[COMRAM] unsigned char 
  voltage         4   63[COMRAM] float 
  raw_value       2   67[COMRAM] int 
 Return value:  Size  Location     Type
                  4   59[COMRAM] float 
 Registers used:
		wreg, status,2, status,0, prodl, prodh, cstack
 Tracked objects:
		On entry : 
		On exit  : 
		Unchanged: 
 Data sizes:     COMRAM   BANK0   BANK1   BANK2   BANK3   BANK4   BANK5   BANK6   BANK7   BANK8   BANK9  BANK10  BANK11  BANK12  BANK13  BANK14  BANK15
      Params:         4       0       0       0       0       0       0       0       0       0       0       0       0       0       0       0       0
      Locals:         7       0       0       0       0       0       0       0       0       0       0       0       0       0       0       0       0
      Temps:          0       0       0       0       0       0       0       0       0       0       0       0       0       0       0       0       0
      Totals:        11       0       0       0       0       0       0       0       0       0       0       0       0       0       0       0       0
Total ram usage:       11 bytes
 Hardware stack levels used:    1
 Hardware stack levels required when called:    4
 This function calls:
		___fldiv
		___wmul
		___xxtofl
		_read_adc_raw_no_lib
 This function is called by:
		_main
 This function uses a non-reentrant model


 *************** function _read_adc_raw_no_lib *****************
 Defined at:
		line 29 in file "my_adc.c"
 Parameters:    Size  Location     Type
  channel         1    wreg     unsigned char 
 Auto vars:     Size  Location     Type
  channel         1   20[COMRAM] unsigned char 
  raw_value       2   18[COMRAM] int 
 Return value:  Size  Location     Type
                  2   14[COMRAM] int 
 Registers used:
		wreg, status,2, status,0
 Tracked objects:
		On entry : 
		On exit  : 
		Unchanged: 
 Data sizes:     COMRAM   BANK0   BANK1   BANK2   BANK3   BANK4   BANK5   BANK6   BANK7   BANK8   BANK9  BANK10  BANK11  BANK12  BANK13  BANK14  BANK15
      Params:         2       0       0       0       0       0       0       0       0       0       0       0       0       0       0       0       0
      Locals:         3       0       0       0       0       0       0       0       0       0       0       0       0       0       0       0       0
      Temps:          2       0       0       0       0       0       0       0       0       0       0       0       0       0       0       0       0
      Totals:         7       0       0       0       0       0       0       0       0       0       0       0       0       0       0       0       0
Total ram usage:        7 bytes
 Hardware stack levels used:    1
 Hardware stack levels required when called:    3
 This function calls:
		Nothing
 This function is called by:
		_read_adc_voltage
 This function uses a non-reentrant model


 *************** function ___fldiv *****************
 Defined at:
		line 11 in file "C:\Program Files (x86)\Microchip\xc8\v1.37\sources\common\sprcdiv.c"
 Parameters:    Size  Location     Type
  b               4   34[COMRAM] int 
  a               4   38[COMRAM] int 
 Auto vars:     Size  Location     Type
  grs             4   53[COMRAM] unsigned long 
  rem             4   47[COMRAM] unsigned long 
  new_exp         2   51[COMRAM] int 
  aexp            1   58[COMRAM] unsigned char 
  bexp            1   57[COMRAM] unsigned char 
  sign            1   46[COMRAM] unsigned char 
 Return value:  Size  Location     Type
                  4   34[COMRAM] unsigned char 
 Registers used:
		wreg, status,2, status,0
 Tracked objects:
		On entry : 
		On exit  : 
		Unchanged: 
 Data sizes:     COMRAM   BANK0   BANK1   BANK2   BANK3   BANK4   BANK5   BANK6   BANK7   BANK8   BANK9  BANK10  BANK11  BANK12  BANK13  BANK14  BANK15
      Params:         8       0       0       0       0       0       0       0       0       0       0       0       0       0       0       0       0
      Locals:        13       0       0       0       0       0       0       0       0       0       0       0       0       0       0       0       0
      Temps:          4       0       0       0       0       0       0       0       0       0       0       0       0       0       0       0       0
      Totals:        25       0       0       0       0       0       0       0       0       0       0       0       0       0       0       0       0
Total ram usage:       25 bytes
 Hardware stack levels used:    1
 Hardware stack levels required when called:    3
 This function calls:
		Nothing
 This function is called by:
		_read_adc_voltage
 This function uses a non-reentrant model


 *************** function _lcd_init *****************
 Defined at:
		line 56 in file "lcd_x8.c"
 Parameters:    Size  Location     Type
		None
 Auto vars:     Size  Location     Type
  i               1   24[COMRAM] unsigned char 
 Return value:  Size  Location     Type
                  1    wreg      void 
 Registers used:
		wreg, fsr2l, fsr2h, status,2, status,0, prodl, prodh, cstack
 Tracked objects:
		On entry : 
		On exit  : 
		Unchanged: 
 Data sizes:     COMRAM   BANK0   BANK1   BANK2   BANK3   BANK4   BANK5   BANK6   BANK7   BANK8   BANK9  BANK10  BANK11  BANK12  BANK13  BANK14  BANK15
      Params:         0       0       0       0       0       0       0       0       0       0       0       0       0       0       0       0       0
      Locals:         1       0       0       0       0       0       0       0       0       0       0       0       0       0       0       0       0
      Temps:          0       0       0       0       0       0       0       0       0       0       0       0       0       0       0       0       0
      Totals:         1       0       0       0       0       0       0       0       0       0       0       0       0       0       0       0       0
Total ram usage:        1 bytes
 Hardware stack levels used:    1
 Hardware stack levels required when called:    6
 This function calls:
		_delay_ms
		_lcd_send_byte
		_lcd_send_nibble
 This function is called by:
		_main
 This function uses a non-reentrant model


 *************** function _init_adc_no_lib *****************
 Defined at:
		line 10 in file "my_adc.c"
 Parameters:    Size  Location     Type
		None
 Auto vars:     Size  Location     Type
		None
 Return value:  Size  Location     Type
                  1    wreg      void 
 Registers used:
		wreg, status,2
 Tracked objects:
		On entry : 
		On exit  : 
		Unchanged: 
 Data sizes:     COMRAM   BANK0   BANK1   BANK2   BANK3   BANK4   BANK5   BANK6   BANK7   BANK8   BANK9  BANK10  BANK11  BANK12  BANK13  BANK14  BANK15
      Params:         0       0       0       0       0       0       0       0       0       0       0       0       0       0       0       0       0
      Locals:         0       0       0       0       0       0       0       0       0       0       0       0       0       0       0       0       0
      Temps:          0       0       0       0       0       0       0       0       0       0       0       0       0       0       0       0       0
      Totals:         0       0       0       0       0       0       0       0       0       0       0       0       0       0       0       0       0
Total ram usage:        0 bytes
 Hardware stack levels used:    1
 Hardware stack levels required when called:    3
 This function calls:
		Nothing
 This function is called by:
		_main
 This function uses a non-reentrant model


 *************** function _display *****************
 Defined at:
		line 166 in file "hw.c"
 Parameters:    Size  Location     Type
		None
 Auto vars:     Size  Location     Type
  LCD            64   64[BANK1 ] unsigned char [64]
  LCDP           64    0[BANK1 ] unsigned char [64]
  H               1  129[BANK1 ] unsigned char 
  C               1  128[BANK1 ] unsigned char 
 Return value:  Size  Location     Type
                  1    wreg      void 
 Registers used:
		wreg, fsr2l, fsr2h, status,2, status,0, tblptrl, tblptrh, tblptru, prodl, prodh, cstack
 Tracked objects:
		On entry : 
		On exit  : 
		Unchanged: 
 Data sizes:     COMRAM   BANK0   BANK1   BANK2   BANK3   BANK4   BANK5   BANK6   BANK7   BANK8   BANK9  BANK10  BANK11  BANK12  BANK13  BANK14  BANK15
      Params:         0       0       0       0       0       0       0       0       0       0       0       0       0       0       0       0       0
      Locals:         0       0     130       0       0       0       0       0       0       0       0       0       0       0       0       0       0
      Temps:          0       2       0       0       0       0       0       0       0       0       0       0       0       0       0       0       0
      Totals:         0       2     130       0       0       0       0       0       0       0       0       0       0       0       0       0       0
Total ram usage:      132 bytes
 Hardware stack levels used:    1
 Hardware stack levels required when called:    9
 This function calls:
		_lcd_gotoxy
		_lcd_putc
		_lcd_puts
		_sprintf
 This function is called by:
		_main
 This function uses a non-reentrant model


 *************** function _sprintf *****************
 Defined at:
		line 492 in file "C:\Program Files (x86)\Microchip\xc8\v1.37\sources\common\doprnt.c"
 Parameters:    Size  Location     Type
  sp              2    0[BANK0 ] PTR unsigned char 
		 -> display@LCD(64), display@LCDP(64), 
  f               2    2[BANK0 ] PTR const unsigned char 
		 -> STR_11(5), STR_10(10), STR_9(4), STR_8(4), 
		 -> STR_7(10), STR_6(21), STR_5(11), STR_4(13), 
		 -> STR_3(14), STR_2(17), STR_1(15), 
 Auto vars:     Size  Location     Type
  fval            4   30[BANK0 ] PTR const unsigned char 
  val             4   20[BANK0 ] unsigned long 
  tmpval          4   16[BANK0 ] struct .
  cp              3    0        PTR const unsigned char 
  prec            2   34[BANK0 ] int 
  width           2   28[BANK0 ] int 
  flag            2   26[BANK0 ] unsigned short 
  exp             2   24[BANK0 ] int 
  ap              2   14[BANK0 ] PTR void [1]
		 -> ?_sprintf(2), 
  len             2    0        unsigned int 
  c               1   36[BANK0 ] char 
  d               1    0        unsigned char 
 Return value:  Size  Location     Type
                  2    0[BANK0 ] int 
 Registers used:
		wreg, fsr2l, fsr2h, status,2, status,0, tblptrl, tblptrh, tblptru, prodl, prodh, cstack
 Tracked objects:
		On entry : 
		On exit  : 
		Unchanged: 
 Data sizes:     COMRAM   BANK0   BANK1   BANK2   BANK3   BANK4   BANK5   BANK6   BANK7   BANK8   BANK9  BANK10  BANK11  BANK12  BANK13  BANK14  BANK15
      Params:         0      10       0       0       0       0       0       0       0       0       0       0       0       0       0       0       0
      Locals:         0      27       0       0       0       0       0       0       0       0       0       0       0       0       0       0       0
      Temps:          4       0       0       0       0       0       0       0       0       0       0       0       0       0       0       0       0
      Totals:         4      37       0       0       0       0       0       0       0       0       0       0       0       0       0       0       0
Total ram usage:       41 bytes
 Hardware stack levels used:    1
 Hardware stack levels required when called:    5
 This function calls:
		___awdiv
		___fladd
		___flge
		___flmul
		___flneg
		___flsub
		___fltol
		___lldiv
		___llmod
		___wmul
		___xxtofl
		__div_to_l_
		__tdiv_to_l_
		_fround
		_isdigit
		_scale
 This function is called by:
		_display
 This function uses a non-reentrant model


 *************** function _scale *****************
 Defined at:
		line 425 in file "C:\Program Files (x86)\Microchip\xc8\v1.37\sources\common\doprnt.c"
 Parameters:    Size  Location     Type
  scl             1    wreg     char 
 Auto vars:     Size  Location     Type
  scl             1   61[COMRAM] char 
 Return value:  Size  Location     Type
                  4   53[COMRAM] char 
 Registers used:
		wreg, status,2, status,0, tblptrl, tblptrh, tblptru, prodl, prodh, cstack
 Tracked objects:
		On entry : 
		On exit  : 
		Unchanged: 
 Data sizes:     COMRAM   BANK0   BANK1   BANK2   BANK3   BANK4   BANK5   BANK6   BANK7   BANK8   BANK9  BANK10  BANK11  BANK12  BANK13  BANK14  BANK15
      Params:         4       0       0       0       0       0       0       0       0       0       0       0       0       0       0       0       0
      Locals:         5       0       0       0       0       0       0       0       0       0       0       0       0       0       0       0       0
      Temps:          0       0       0       0       0       0       0       0       0       0       0       0       0       0       0       0       0
      Totals:         9       0       0       0       0       0       0       0       0       0       0       0       0       0       0       0       0
Total ram usage:        9 bytes
 Hardware stack levels used:    1
 Hardware stack levels required when called:    4
 This function calls:
		___awdiv
		___awmod
		___flmul
 This function is called by:
		_sprintf
 This function uses a non-reentrant model


 *************** function _isdigit *****************
 Defined at:
		line 8 in file "C:\Program Files (x86)\Microchip\xc8\v1.37\sources\common\isdigit.c"
 Parameters:    Size  Location     Type
  c               1    wreg     unsigned char 
 Auto vars:     Size  Location     Type
  c               1   16[COMRAM] unsigned char 
 Return value:  Size  Location     Type
		None               void
 Registers used:
		wreg, status,2, status,0
 Tracked objects:
		On entry : 
		On exit  : 
		Unchanged: 
 Data sizes:     COMRAM   BANK0   BANK1   BANK2   BANK3   BANK4   BANK5   BANK6   BANK7   BANK8   BANK9  BANK10  BANK11  BANK12  BANK13  BANK14  BANK15
      Params:         0       0       0       0       0       0       0       0       0       0       0       0       0       0       0       0       0
      Locals:         2       0       0       0       0       0       0       0       0       0       0       0       0       0       0       0       0
      Temps:          1       0       0       0       0       0       0       0       0       0       0       0       0       0       0       0       0
      Totals:         3       0       0       0       0       0       0       0       0       0       0       0       0       0       0       0       0
Total ram usage:        3 bytes
 Hardware stack levels used:    1
 Hardware stack levels required when called:    3
 This function calls:
		Nothing
 This function is called by:
		_sprintf
 This function uses a non-reentrant model


 *************** function _fround *****************
 Defined at:
		line 409 in file "C:\Program Files (x86)\Microchip\xc8\v1.37\sources\common\doprnt.c"
 Parameters:    Size  Location     Type
  prec            1    wreg     unsigned char 
 Auto vars:     Size  Location     Type
  prec            1   65[COMRAM] unsigned char 
 Return value:  Size  Location     Type
                  4   53[COMRAM] unsigned char 
 Registers used:
		wreg, status,2, status,0, tblptrl, tblptrh, tblptru, prodl, prodh, cstack
 Tracked objects:
		On entry : 
		On exit  : 
		Unchanged: 
 Data sizes:     COMRAM   BANK0   BANK1   BANK2   BANK3   BANK4   BANK5   BANK6   BANK7   BANK8   BANK9  BANK10  BANK11  BANK12  BANK13  BANK14  BANK15
      Params:         4       0       0       0       0       0       0       0       0       0       0       0       0       0       0       0       0
      Locals:         9       0       0       0       0       0       0       0       0       0       0       0       0       0       0       0       0
      Temps:          0       0       0       0       0       0       0       0       0       0       0       0       0       0       0       0       0
      Totals:        13       0       0       0       0       0       0       0       0       0       0       0       0       0       0       0       0
Total ram usage:       13 bytes
 Hardware stack levels used:    1
 Hardware stack levels required when called:    4
 This function calls:
		___awdiv
		___awmod
		___flmul
 This function is called by:
		_sprintf
 This function uses a non-reentrant model


 *************** function ___flmul *****************
 Defined at:
		line 8 in file "C:\Program Files (x86)\Microchip\xc8\v1.37\sources\common\sprcmul.c"
 Parameters:    Size  Location     Type
  b               4   28[COMRAM] unsigned char 
  a               4   32[COMRAM] unsigned char 
 Auto vars:     Size  Location     Type
  prod            4   47[COMRAM] struct .
  grs             4   41[COMRAM] unsigned long 
  temp            2   51[COMRAM] struct .
  bexp            1   46[COMRAM] unsigned char 
  aexp            1   45[COMRAM] unsigned char 
  sign            1   40[COMRAM] unsigned char 
 Return value:  Size  Location     Type
                  4   28[COMRAM] unsigned char 
 Registers used:
		wreg, status,2, status,0, prodl, prodh
 Tracked objects:
		On entry : 
		On exit  : 
		Unchanged: 
 Data sizes:     COMRAM   BANK0   BANK1   BANK2   BANK3   BANK4   BANK5   BANK6   BANK7   BANK8   BANK9  BANK10  BANK11  BANK12  BANK13  BANK14  BANK15
      Params:         8       0       0       0       0       0       0       0       0       0       0       0       0       0       0       0       0
      Locals:        13       0       0       0       0       0       0       0       0       0       0       0       0       0       0       0       0
      Temps:          4       0       0       0       0       0       0       0       0       0       0       0       0       0       0       0       0
      Totals:        25       0       0       0       0       0       0       0       0       0       0       0       0       0       0       0       0
Total ram usage:       25 bytes
 Hardware stack levels used:    1
 Hardware stack levels required when called:    3
 This function calls:
		Nothing
 This function is called by:
		_main
		_fround
		_scale
		_sprintf
 This function uses a non-reentrant model


 *************** function ___awmod *****************
 Defined at:
		line 8 in file "C:\Program Files (x86)\Microchip\xc8\v1.37\sources\common\awmod.c"
 Parameters:    Size  Location     Type
  dividend        2   14[COMRAM] int 
  divisor         2   16[COMRAM] int 
 Auto vars:     Size  Location     Type
  sign            1   19[COMRAM] unsigned char 
  counter         1   18[COMRAM] unsigned char 
 Return value:  Size  Location     Type
                  2   14[COMRAM] int 
 Registers used:
		wreg, status,2, status,0
 Tracked objects:
		On entry : 
		On exit  : 
		Unchanged: 
 Data sizes:     COMRAM   BANK0   BANK1   BANK2   BANK3   BANK4   BANK5   BANK6   BANK7   BANK8   BANK9  BANK10  BANK11  BANK12  BANK13  BANK14  BANK15
      Params:         4       0       0       0       0       0       0       0       0       0       0       0       0       0       0       0       0
      Locals:         2       0       0       0       0       0       0       0       0       0       0       0       0       0       0       0       0
      Temps:          0       0       0       0       0       0       0       0       0       0       0       0       0       0       0       0       0
      Totals:         6       0       0       0       0       0       0       0       0       0       0       0       0       0       0       0       0
Total ram usage:        6 bytes
 Hardware stack levels used:    1
 Hardware stack levels required when called:    3
 This function calls:
		Nothing
 This function is called by:
		_fround
		_scale
 This function uses a non-reentrant model


 *************** function ___awdiv *****************
 Defined at:
		line 8 in file "C:\Program Files (x86)\Microchip\xc8\v1.37\sources\common\awdiv.c"
 Parameters:    Size  Location     Type
  dividend        2   20[COMRAM] int 
  divisor         2   22[COMRAM] int 
 Auto vars:     Size  Location     Type
  quotient        2   26[COMRAM] int 
  sign            1   25[COMRAM] unsigned char 
  counter         1   24[COMRAM] unsigned char 
 Return value:  Size  Location     Type
                  2   20[COMRAM] int 
 Registers used:
		wreg, status,2, status,0
 Tracked objects:
		On entry : 
		On exit  : 
		Unchanged: 
 Data sizes:     COMRAM   BANK0   BANK1   BANK2   BANK3   BANK4   BANK5   BANK6   BANK7   BANK8   BANK9  BANK10  BANK11  BANK12  BANK13  BANK14  BANK15
      Params:         4       0       0       0       0       0       0       0       0       0       0       0       0       0       0       0       0
      Locals:         4       0       0       0       0       0       0       0       0       0       0       0       0       0       0       0       0
      Temps:          0       0       0       0       0       0       0       0       0       0       0       0       0       0       0       0       0
      Totals:         8       0       0       0       0       0       0       0       0       0       0       0       0       0       0       0       0
Total ram usage:        8 bytes
 Hardware stack levels used:    1
 Hardware stack levels required when called:    3
 This function calls:
		Nothing
 This function is called by:
		_fround
		_scale
		_sprintf
 This function uses a non-reentrant model


 *************** function __tdiv_to_l_ *****************
 Defined at:
		line 60 in file "C:\Program Files (x86)\Microchip\xc8\v1.37\sources\common\ftdivl.c"
 Parameters:    Size  Location     Type
  f1              4   14[COMRAM] float 
  f2              4   18[COMRAM] float 
 Auto vars:     Size  Location     Type
  quot            4   25[COMRAM] unsigned long 
  exp1            1   30[COMRAM] unsigned char 
  cntr            1   29[COMRAM] unsigned char 
 Return value:  Size  Location     Type
                  4   14[COMRAM] unsigned long 
 Registers used:
		wreg, status,2, status,0
 Tracked objects:
		On entry : 
		On exit  : 
		Unchanged: 
 Data sizes:     COMRAM   BANK0   BANK1   BANK2   BANK3   BANK4   BANK5   BANK6   BANK7   BANK8   BANK9  BANK10  BANK11  BANK12  BANK13  BANK14  BANK15
      Params:         8       0       0       0       0       0       0       0       0       0       0       0       0       0       0       0       0
      Locals:         6       0       0       0       0       0       0       0       0       0       0       0       0       0       0       0       0
      Temps:          3       0       0       0       0       0       0       0       0       0       0       0       0       0       0       0       0
      Totals:        17       0       0       0       0       0       0       0       0       0       0       0       0       0       0       0       0
Total ram usage:       17 bytes
 Hardware stack levels used:    1
 Hardware stack levels required when called:    3
 This function calls:
		Nothing
 This function is called by:
		_sprintf
 This function uses a non-reentrant model


 *************** function __div_to_l_ *****************
 Defined at:
		line 60 in file "C:\Program Files (x86)\Microchip\xc8\v1.37\sources\common\fldivl.c"
 Parameters:    Size  Location     Type
  f1              4   14[COMRAM] unsigned long 
  f2              4   18[COMRAM] unsigned long 
 Auto vars:     Size  Location     Type
  quot            4   22[COMRAM] unsigned long 
  exp1            1   27[COMRAM] unsigned char 
  cntr            1   26[COMRAM] unsigned char 
 Return value:  Size  Location     Type
                  4   14[COMRAM] unsigned long 
 Registers used:
		wreg, status,2, status,0
 Tracked objects:
		On entry : 
		On exit  : 
		Unchanged: 
 Data sizes:     COMRAM   BANK0   BANK1   BANK2   BANK3   BANK4   BANK5   BANK6   BANK7   BANK8   BANK9  BANK10  BANK11  BANK12  BANK13  BANK14  BANK15
      Params:         8       0       0       0       0       0       0       0       0       0       0       0       0       0       0       0       0
      Locals:         6       0       0       0       0       0       0       0       0       0       0       0       0       0       0       0       0
      Temps:          0       0       0       0       0       0       0       0       0       0       0       0       0       0       0       0       0
      Totals:        14       0       0       0       0       0       0       0       0       0       0       0       0       0       0       0       0
Total ram usage:       14 bytes
 Hardware stack levels used:    1
 Hardware stack levels required when called:    3
 This function calls:
		Nothing
 This function is called by:
		_sprintf
 This function uses a non-reentrant model


 *************** function ___xxtofl *****************
 Defined at:
		line 10 in file "C:\Program Files (x86)\Microchip\xc8\v1.37\sources\common\xxtofl.c"
 Parameters:    Size  Location     Type
  sign            1    wreg     unsigned char 
  val             4   20[COMRAM] long 
 Auto vars:     Size  Location     Type
  sign            1   28[COMRAM] unsigned char 
  arg             4   30[COMRAM] unsigned long 
  exp             1   29[COMRAM] unsigned char 
 Return value:  Size  Location     Type
                  4   20[COMRAM] unsigned char 
 Registers used:
		wreg, status,2, status,0
 Tracked objects:
		On entry : 
		On exit  : 
		Unchanged: 
 Data sizes:     COMRAM   BANK0   BANK1   BANK2   BANK3   BANK4   BANK5   BANK6   BANK7   BANK8   BANK9  BANK10  BANK11  BANK12  BANK13  BANK14  BANK15
      Params:         4       0       0       0       0       0       0       0       0       0       0       0       0       0       0       0       0
      Locals:         6       0       0       0       0       0       0       0       0       0       0       0       0       0       0       0       0
      Temps:          4       0       0       0       0       0       0       0       0       0       0       0       0       0       0       0       0
      Totals:        14       0       0       0       0       0       0       0       0       0       0       0       0       0       0       0       0
Total ram usage:       14 bytes
 Hardware stack levels used:    1
 Hardware stack levels required when called:    3
 This function calls:
		Nothing
 This function is called by:
		_read_adc_voltage
		_sprintf
 This function uses a non-reentrant model


 *************** function ___wmul *****************
 Defined at:
		line 15 in file "C:\Program Files (x86)\Microchip\xc8\v1.37\sources\common\Umul16.c"
 Parameters:    Size  Location     Type
  multiplier      2   14[COMRAM] unsigned int 
  multiplicand    2   16[COMRAM] unsigned int 
 Auto vars:     Size  Location     Type
  product         2   18[COMRAM] unsigned int 
 Return value:  Size  Location     Type
                  2   14[COMRAM] unsigned int 
 Registers used:
		wreg, status,2, status,0, prodl, prodh
 Tracked objects:
		On entry : 
		On exit  : 
		Unchanged: 
 Data sizes:     COMRAM   BANK0   BANK1   BANK2   BANK3   BANK4   BANK5   BANK6   BANK7   BANK8   BANK9  BANK10  BANK11  BANK12  BANK13  BANK14  BANK15
      Params:         4       0       0       0       0       0       0       0       0       0       0       0       0       0       0       0       0
[...]
      Temps:          0       0       0       0       0       0       0       0       0       0       0       0       0       0       0       0       0
      Totals:         3       0       0       0       0       0       0       0       0       0       0       0       0       0       0       0       0
Total ram usage:        3 bytes
 Hardware stack levels used:    1
 Hardware stack levels required when called:    6
 This function calls:
		_lcd_send_byte
 This function is called by:
		_lcd_putc
		_display
 This function uses a non-reentrant model


 *************** function _lcd_send_byte *****************
 Defined at:
		line 39 in file "lcd_x8.c"
 Parameters:    Size  Location     Type
  cm_data         1    wreg     unsigned char 
  n               1   22[COMRAM] unsigned char 
 Auto vars:     Size  Location     Type
  cm_data         1   23[COMRAM] unsigned char 
 Return value:  Size  Location     Type
                  1    wreg      void 
 Registers used:
		wreg, status,2, status,0, cstack
 Tracked objects:
		On entry : 
		On exit  : 
		Unchanged: 
 Data sizes:     COMRAM   BANK0   BANK1   BANK2   BANK3   BANK4   BANK5   BANK6   BANK7   BANK8   BANK9  BANK10  BANK11  BANK12  BANK13  BANK14  BANK15
      Params:         1       0       0       0       0       0       0       0       0       0       0       0       0       0       0       0       0
      Locals:         1       0       0       0       0       0       0       0       0       0       0       0       0       0       0       0       0
      Temps:          0       0       0       0       0       0       0       0       0       0       0       0       0       0       0       0       0
      Totals:         2       0       0       0       0       0       0       0       0       0       0       0       0       0       0       0       0
Total ram usage:        2 bytes
 Hardware stack levels used:    1
 Hardware stack levels required when called:    5
 This function calls:
		_delay_cycles
		_lcd_send_nibble
 This function is called by:
		_lcd_init
		_lcd_gotoxy
		_lcd_putc
		_main
		_Lcd_Shift_Right
		_Lcd_Shift_Left
 This function uses a non-reentrant model


 *************** function _lcd_send_nibble *****************
 Defined at:
		line 29 in file "lcd_x8.c"
 Parameters:    Size  Location     Type
  n               1    wreg     unsigned char 
 Auto vars:     Size  Location     Type
  n               1   21[COMRAM] unsigned char 
 Return value:  Size  Location     Type
                  1    wreg      void 
 Registers used:
		wreg, status,2, status,0, cstack
 Tracked objects:
		On entry : 
		On exit  : 
		Unchanged: 
 Data sizes:     COMRAM   BANK0   BANK1   BANK2   BANK3   BANK4   BANK5   BANK6   BANK7   BANK8   BANK9  BANK10  BANK11  BANK12  BANK13  BANK14  BANK15
      Params:         0       0       0       0       0       0       0       0       0       0       0       0       0       0       0       0       0
      Locals:         1       0       0       0       0       0       0       0       0       0       0       0       0       0       0       0       0
      Temps:          1       0       0       0       0       0       0       0       0       0       0       0       0       0       0       0       0
      Totals:         2       0       0       0       0       0       0       0       0       0       0       0       0       0       0       0       0
Total ram usage:        2 bytes
 Hardware stack levels used:    1
 Hardware stack levels required when called:    4
 This function calls:
		_delay_cycles
 This function is called by:
		_lcd_send_byte
		_lcd_init
 This function uses a non-reentrant model


 *************** function _delay_cycles *****************
 Defined at:
		line 20 in file "lcd_x8.c"
 Parameters:    Size  Location     Type
  n               1    wreg     unsigned char 
 Auto vars:     Size  Location     Type
  n               1   17[COMRAM] unsigned char 
  x               2   18[COMRAM] int 
 Return value:  Size  Location     Type
                  1    wreg      void 
 Registers used:
		wreg, status,2, status,0
 Tracked objects:
		On entry : 
		On exit  : 
		Unchanged: 
 Data sizes:     COMRAM   BANK0   BANK1   BANK2   BANK3   BANK4   BANK5   BANK6   BANK7   BANK8   BANK9  BANK10  BANK11  BANK12  BANK13  BANK14  BANK15
      Params:         0       0       0       0       0       0       0       0       0       0       0       0       0       0       0       0       0
      Locals:         3       0       0       0       0       0       0       0       0       0       0       0       0       0       0       0       0
      Temps:          3       0       0       0       0       0       0       0       0       0       0       0       0       0       0       0       0
      Totals:         6       0       0       0       0       0       0       0       0       0       0       0       0       0       0       0       0
Total ram usage:        6 bytes
 Hardware stack levels used:    1
 Hardware stack levels required when called:    3
 This function calls:
		Nothing
 This function is called by:
		_lcd_send_nibble
		_lcd_send_byte
 This function uses a non-reentrant model


 *************** function _delay_ms *****************
 Defined at:
		line 147 in file "hw.c"
 Parameters:    Size  Location     Type
  n               2   14[COMRAM] unsigned int 
 Auto vars:     Size  Location     Type
  i               2   16[COMRAM] int 
 Return value:  Size  Location     Type
                  1    wreg      void 
 Registers used:
		wreg, status,2, status,0
 Tracked objects:
		On entry : 
		On exit  : 
		Unchanged: 
 Data sizes:     COMRAM   BANK0   BANK1   BANK2   BANK3   BANK4   BANK5   BANK6   BANK7   BANK8   BANK9  BANK10  BANK11  BANK12  BANK13  BANK14  BANK15
      Params:         2       0       0       0       0       0       0       0       0       0       0       0       0       0       0       0       0
      Locals:         2       0       0       0       0       0       0       0       0       0       0       0       0       0       0       0       0
      Temps:          0       0       0       0       0       0       0       0       0       0       0       0       0       0       0       0       0
      Totals:         4       0       0       0       0       0       0       0       0       0       0       0       0       0       0       0       0
Total ram usage:        4 bytes
 Hardware stack levels used:    1
 Hardware stack levels required when called:    3
 This function calls:
		Nothing
 This function is called by:
		_lcd_init
		_lcd_putc
		_main
 This function uses a non-reentrant model


 *************** function _highIsr *****************
 Defined at:
		line 134 in file "hw.c"
 Parameters:    Size  Location     Type
		None
 Auto vars:     Size  Location     Type
		None
 Return value:  Size  Location     Type
                  1    wreg      void 
 Registers used:
		wreg, status,2, status,0, cstack
 Tracked objects:
		On entry : 
		On exit  : 
		Unchanged: 
 Data sizes:     COMRAM   BANK0   BANK1   BANK2   BANK3   BANK4   BANK5   BANK6   BANK7   BANK8   BANK9  BANK10  BANK11  BANK12  BANK13  BANK14  BANK15
      Params:         0       0       0       0       0       0       0       0       0       0       0       0       0       0       0       0       0
      Locals:         0       0       0       0       0       0       0       0       0       0       0       0       0       0       0       0       0
      Temps:         14       0       0       0       0       0       0       0       0       0       0       0       0       0       0       0       0
      Totals:        14       0       0       0       0       0       0       0       0       0       0       0       0       0       0       0       0
Total ram usage:       14 bytes
 Hardware stack levels used:    1
 Hardware stack levels required when called:    2
 This function calls:
		_EXT_Int0_isr
		_EXT_Int1_isr
		_EXT_Int2_isr
		_Timer0_isr
 This function is called by:
		Interrupt level 2
 This function uses a non-reentrant model


 *************** function _Timer0_isr *****************
 Defined at:
		line 92 in file "hw.c"
 Parameters:    Size  Location     Type
		None
 Auto vars:     Size  Location     Type
		None
 Return value:  Size  Location     Type
                  1    wreg      void 
 Registers used:
		wreg, status,2, cstack
 Tracked objects:
		On entry : 
		On exit  : 
		Unchanged: 
 Data sizes:     COMRAM   BANK0   BANK1   BANK2   BANK3   BANK4   BANK5   BANK6   BANK7   BANK8   BANK9  BANK10  BANK11  BANK12  BANK13  BANK14  BANK15
      Params:         0       0       0       0       0       0       0       0       0       0       0       0       0       0       0       0       0
      Locals:         0       0       0       0       0       0       0       0       0       0       0       0       0       0       0       0       0
      Temps:          0       0       0       0       0       0       0       0       0       0       0       0       0       0       0       0       0
      Totals:         0       0       0       0       0       0       0       0       0       0       0       0       0       0       0       0       0
Total ram usage:        0 bytes
 Hardware stack levels used:    1
 Hardware stack levels required when called:    1
 This function calls:
		_reloadTimer0
 This function is called by:
		_highIsr
 This function uses a non-reentrant model


 *************** function _reloadTimer0 *****************
 Defined at:
		line 85 in file "hw.c"
 Parameters:    Size  Location     Type
		None
 Auto vars:     Size  Location     Type
		None
 Return value:  Size  Location     Type
                  1    wreg      void 
 Registers used:
		wreg, status,2
 Tracked objects:
		On entry : 
		On exit  : 
		Unchanged: 
 Data sizes:     COMRAM   BANK0   BANK1   BANK2   BANK3   BANK4   BANK5   BANK6   BANK7   BANK8   BANK9  BANK10  BANK11  BANK12  BANK13  BANK14  BANK15
      Params:         0       0       0       0       0       0       0       0       0       0       0       0       0       0       0       0       0
      Locals:         0       0       0       0       0       0       0       0       0       0       0       0       0       0       0       0       0
      Temps:          0       0       0       0       0       0       0       0       0       0       0       0       0       0       0       0       0
      Totals:         0       0       0       0       0       0       0       0       0       0       0       0       0       0       0       0       0
Total ram usage:        0 bytes
 Hardware stack levels used:    1
 This function calls:
		Nothing
 This function is called by:
		_Timer0_isr
 This function uses a non-reentrant model


 *************** function _EXT_Int2_isr *****************
 Defined at:
		line 124 in file "hw.c"
 Parameters:    Size  Location     Type
		None
 Auto vars:     Size  Location     Type
		None
 Return value:  Size  Location     Type
                  1    wreg      void 
 Registers used:
		wreg, status,2
 Tracked objects:
		On entry : 
		On exit  : 
		Unchanged: 
 Data sizes:     COMRAM   BANK0   BANK1   BANK2   BANK3   BANK4   BANK5   BANK6   BANK7   BANK8   BANK9  BANK10  BANK11  BANK12  BANK13  BANK14  BANK15
      Params:         0       0       0       0       0       0       0       0       0       0       0       0       0       0       0       0       0
      Locals:         0       0       0       0       0       0       0       0       0       0       0       0       0       0       0       0       0
      Temps:          0       0       0       0       0       0       0       0       0       0       0       0       0       0       0       0       0
      Totals:         0       0       0       0       0       0       0       0       0       0       0       0       0       0       0       0       0
Total ram usage:        0 bytes
 Hardware stack levels used:    1
 This function calls:
		Nothing
 This function is called by:
		_highIsr
 This function uses a non-reentrant model


 *************** function _EXT_Int1_isr *****************
 Defined at:
		line 104 in file "hw.c"
 Parameters:    Size  Location     Type
		None
 Auto vars:     Size  Location     Type
		None
 Return value:  Size  Location     Type
                  1    wreg      void 
 Registers used:
		wreg, status,2
 Tracked objects:
		On entry : 
		On exit  : 
		Unchanged: 
 Data sizes:     COMRAM   BANK0   BANK1   BANK2   BANK3   BANK4   BANK5   BANK6   BANK7   BANK8   BANK9  BANK10  BANK11  BANK12  BANK13  BANK14  BANK15
      Params:         0       0       0       0       0       0       0       0       0       0       0       0       0       0       0       0       0
      Locals:         0       0       0       0       0       0       0       0       0       0       0       0       0       0       0       0       0
      Temps:          0       0       0       0       0       0       0       0       0       0       0       0       0       0       0       0       0
      Totals:         0       0       0       0       0       0       0       0       0       0       0       0       0       0       0       0       0
Total ram usage:        0 bytes
 Hardware stack levels used:    1
 This function calls:
		Nothing
 This function is called by:
		_highIsr
 This function uses a non-reentrant model


 *************** function _EXT_Int0_isr *****************
 Defined at:
		line 110 in file "hw.c"
 Parameters:    Size  Location     Type
		None
 Auto vars:     Size  Location     Type
		None
 Return value:  Size  Location     Type
                  1    wreg      void 
 Registers used:
		wreg, status,2, status,0
 Tracked objects:
		On entry : 
		On exit  : 
		Unchanged: 
 Data sizes:     COMRAM   BANK0   BANK1   BANK2   BANK3   BANK4   BANK5   BANK6   BANK7   BANK8   BANK9  BANK10  BANK11  BANK12  BANK13  BANK14  BANK15
      Params:         0       0       0       0       0       0       0       0       0       0       0       0       0       0       0       0       0
      Locals:         0       0       0       0       0       0       0       0       0       0       0       0       0       0       0       0       0
      Temps:          0       0       0       0       0       0       0       0       0       0       0       0       0       0       0       0       0
      Totals:         0       0       0       0       0       0       0       0       0       0       0       0       0       0       0       0       0
Total ram usage:        0 bytes
 Hardware stack levels used:    1
 This function calls:
		Nothing
 This function is called by:
		_highIsr
 This function uses a non-reentrant model



MODULE INFORMATION

Module		Function		Class		Link	Load	Size
C:\Program Files (x86)\Microchip\xc8\v1.37\sources\common\sprcdiv.c
		___fldiv       		CODE           	210E	0000	693

C:\Program Files (x86)\Microchip\xc8\v1.37\sources\common\sprcdiv.c estimated size: 693

C:\Program Files (x86)\Microchip\xc8\v1.37\sources\common\llmod.c
		___llmod       		CODE           	2ECA	0000	103

C:\Program Files (x86)\Microchip\xc8\v1.37\sources\common\llmod.c estimated size: 103

C:\Program Files (x86)\Microchip\xc8\v1.37\sources\common\doprnt.c
		_scale         		CODE           	139E	0000	1049
		_sprintf       		CODE           	001A	0000	3127
		_fround        		CODE           	23C2	0000	635

C:\Program Files (x86)\Microchip\xc8\v1.37\sources\common\doprnt.c estimated size: 4811

C:\Program Files (x86)\Microchip\xc8\v1.37\sources\common\Umul16.c
		___wmul        		CODE           	3166	0000	39

C:\Program Files (x86)\Microchip\xc8\v1.37\sources\common\Umul16.c estimated size: 39

my_adc.c
		_init_adc_no_lib		CODE           	3262	0000	13
		_read_adc_raw_no_lib		CODE           	3064	0000	59
		_read_adc_voltage		CODE           	2CEC	0000	131

my_adc.c estimated size: 203

C:\Program Files (x86)\Microchip\xc8\v1.37\sources\common\awdiv.c
		___awdiv       		CODE           	2C68	0000	133

C:\Program Files (x86)\Microchip\xc8\v1.37\sources\common\awdiv.c estimated size: 133

C:\Program Files (x86)\Microchip\xc8\v1.37\sources\common\fltol.c
		___fltol       		CODE           	2B06	0000	221

C:\Program Files (x86)\Microchip\xc8\v1.37\sources\common\fltol.c estimated size: 221

C:\Program Files (x86)\Microchip\xc8\v1.37\sources\common\isdigit.c
		_isdigit       		CODE           	3214	0000	31

C:\Program Files (x86)\Microchip\xc8\v1.37\sources\common\isdigit.c estimated size: 31

C:\Program Files (x86)\Microchip\xc8\v1.37\sources\common\sprcadd.c
		___flsub       		CODE           	2FDC	0000	71
		___fladd       		CODE           	1B06	0000	829

C:\Program Files (x86)\Microchip\xc8\v1.37\sources\common\sprcadd.c estimated size: 900

C:\Program Files (x86)\Microchip\xc8\v1.37\sources\common\lldiv.c
		___lldiv       		CODE           	2D6E	0000	131

C:\Program Files (x86)\Microchip\xc8\v1.37\sources\common\lldiv.c estimated size: 131

C:\Program Files (x86)\Microchip\xc8\v1.37\sources\common\ftdivl.c
		__tdiv_to_l_   		CODE           	278C	0000	307

C:\Program Files (x86)\Microchip\xc8\v1.37\sources\common\ftdivl.c estimated size: 307

hw.c
		_Timer0_isr    		CODE           	3232	0000	19
		_display       		CODE           	1E42	0000	717
		_main          		CODE           	0C50	0000	1871
		_highIsr       		CODE           	0008	0000	149
		_reloadTimer0  		CODE           	326E	0000	11
		_setupPorts    		CODE           	31F6	0000	31
		_EXT_Int0_isr  		CODE           	30D8	0000	51
		_EXT_Int1_isr  		CODE           	3254	0000	15
		_EXT_Int2_isr  		CODE           	3244	0000	17
		_delay_ms      		CODE           	31B0	0000	37

hw.c estimated size: 2918

C:\Program Files (x86)\Microchip\xc8\v1.37\sources\common\fldivl.c
		__div_to_l_    		CODE           	28BE	0000	297

C:\Program Files (x86)\Microchip\xc8\v1.37\sources\common\fldivl.c estimated size: 297

shared
		__powers_      		MEDIUMCONST    	FF27	0000	53
		_dpowers       		MEDIUMCONST    	FF5B	0000	41
		__npowers_     		MEDIUMCONST    	FEF3	0000	53
		__initialization		CODE           	2E60	0000	93

shared estimated size: 240

C:\Program Files (x86)\Microchip\xc8\v1.37\sources\common\flneg.c
		___flneg       		CODE           	310A	0000	47

C:\Program Files (x86)\Microchip\xc8\v1.37\sources\common\flneg.c estimated size: 47

C:\Program Files (x86)\Microchip\xc8\v1.37\sources\common\flge.c
		___flge        		CODE           	29E6	0000	289

C:\Program Files (x86)\Microchip\xc8\v1.37\sources\common\flge.c estimated size: 289

lcd_x8.c
		_lcd_putc      		CODE           	2F86	0000	87
		_lcd_puts      		CODE           	318C	0000	37
		_lcd_send_byte 		CODE           	309E	0000	59
		_lcd_gotoxy    		CODE           	3022	0000	67
		_lcd_send_nibble		CODE           	31D4	0000	35
		_lcd_init      		CODE           	2F30	0000	87
		_delay_cycles  		CODE           	3138	0000	47

lcd_x8.c estimated size: 419

C:\Program Files (x86)\Microchip\xc8\v1.37\sources\common\xxtofl.c
		___xxtofl      		CODE           	263C	0000	337

C:\Program Files (x86)\Microchip\xc8\v1.37\sources\common\xxtofl.c estimated size: 337

C:\Program Files (x86)\Microchip\xc8\v1.37\sources\common\sprcmul.c
		___flmul       		CODE           	17B6	0000	849

C:\Program Files (x86)\Microchip\xc8\v1.37\sources\common\sprcmul.c estimated size: 849

C:\Program Files (x86)\Microchip\xc8\v1.37\sources\common\awmod.c
		___awmod       		CODE           	2DF0	0000	113

C:\Program Files (x86)\Microchip\xc8\v1.37\sources\common\awmod.c estimated size: 113

